features/settings/cash-accounts/page-content.tsx(230,9): error TS2322: Type '({ currentBalance: number; isLowBalance: boolean; isHighBalance: boolean; systemId: string; createdAt: Date; updatedAt: Date; name: string; id: string; branchId: string | null; ... 17 more ...; managedBy: string | null; } | { ...; })[]' is not assignable to type 'CashAccountWithBalance[]'.
  Type '{ currentBalance: number; isLowBalance: boolean; isHighBalance: boolean; systemId: string; createdAt: Date; updatedAt: Date; name: string; id: string; branchId: string | null; ... 17 more ...; managedBy: string | null; } | { ...; }' is not assignable to type 'CashAccountWithBalance'.
    Type '{ currentBalance: number; isLowBalance: boolean; isHighBalance: boolean; systemId: string; createdAt: Date; updatedAt: Date; name: string; id: string; branchId: string | null; bankAccountNumber: string | null; ... 16 more ...; managedBy: string | null; }' is not assignable to type 'CashAccountWithBalance'.
      Types of property 'systemId' are incompatible.
        Type 'string' is not assignable to type 'SystemId'.
          Type 'string' is not assignable to type '{ readonly __brand: "SystemId"; }'.
